User:
ilsa8974
Hostname:
bnode0303.rc.int.colorado.edu
CPU info:
Architecture:          x86_64
CPU op-mode(s):        32-bit, 64-bit
Byte Order:            Little Endian
CPU(s):                28
On-line CPU(s) list:   0-27
Thread(s) per core:    1
Core(s) per socket:    14
Socket(s):             2
NUMA node(s):          2
Vendor ID:             GenuineIntel
CPU family:            6
Model:                 79
Model name:            Intel(R) Xeon(R) CPU E5-2680 v4 @ 2.40GHz
Stepping:              1
CPU MHz:               2899.968
Computation started at:
Tue Apr 13 15:19:02 MDT 2021
git commit: 05d9acc01a1a5ec8dfa47c7c3017fad49b4c9e5c, branch: merged, compiled at: Mon Mar 29 13:10:34 MDT 2021

nproc used: 4 (NB: stochasticIter below is per proc)

**************************************************************
Input file  :
**************************************************************
{
    "wavefunction": {
        "name": "jastrowslater",
        "complex": "true"
    },
    "realspace": {
        "basis": "gto",
        "pseudo": "octahedral",
        "nalpha": "1",
        "nbeta": "1",
        "norbs": "14"
    },
    "sampling": {
        "stochasticIter": "5000",
        "sampleEveryRt": "true",
        "seed": "1"
    },
    "optimizer": {
        "method": "lm",
        "maxIter": "6",
        "stepsizes": [
            "0.0",
            "0.01",
            "0.1",
            "1.0"
        ],
        "hDiagShift": "0.1",
        "decay": "0.1",
        "sDiagShift": "0.0",
        "cgTol": "1.0e-3",
        "dTol": "1.0e-3"
    }
}

Number of Jastrow vars: 30
Number of Reference vars: 29
Number of Optimized vars: 59
    0    -0.79470813 (1.21e-03)     0.03878037      1.7      0.7     0.35     0.35     0.35 
    1    -0.79534199 (1.20e-03)     0.03769794      1.7      0.7     0.88     0.90     1.14 
    2    -0.80712052 (8.25e-04)     0.01996002      1.7      0.7     1.60     1.63     1.87 
    3    -0.81572766 (5.11e-04)     0.00758673      1.8      0.7     2.32     2.39     2.62 
    4    -0.81856987 (3.73e-04)     0.00321147      1.2      0.7     3.09     3.19     3.42 
    5    -0.81871595 (3.80e-04)     0.00239876      1.6      0.7     3.86     3.87     4.11 
