User:
ilsa8974
Hostname:
bnode0303.rc.int.colorado.edu
CPU info:
Architecture:          x86_64
CPU op-mode(s):        32-bit, 64-bit
Byte Order:            Little Endian
CPU(s):                28
On-line CPU(s) list:   0-27
Thread(s) per core:    1
Core(s) per socket:    14
Socket(s):             2
NUMA node(s):          2
Vendor ID:             GenuineIntel
CPU family:            6
Model:                 79
Model name:            Intel(R) Xeon(R) CPU E5-2680 v4 @ 2.40GHz
Stepping:              1
CPU MHz:               2900.062
Computation started at:
Fri Jul 17 11:11:09 MDT 2020
git commit: eb630e4b5a98f39a35220fb3d347c4229e89f3d3, branch: merged, compiled at: Fri Jul 17 10:56:47 MDT 2020

nproc used: 4 (NB: stochasticIter below is per proc)

**************************************************************
Input file  :
**************************************************************
{
    "wavefunction": {
        "name": "jastrowslater",
        "complex": "true"
    },
    "sampling": {
        "stochasticIter": "1000",
        "seed": "1",
        "epsilon": "1.0e-5"
    },
    "optimizer": {
        "method": "sr",
        "direct": "false",
        "stepsize": "0.01",
        "sdiagshift": "0.1",
        "maxIter": "5"
    }
}

    0    -5.07529107 (1.33e-02)     0.22107888      2.9     0.39     0.43
    1    -5.21026096 (9.45e-03)     0.12174824      3.5     0.77     0.81
    2    -5.22847165 (7.90e-03)     0.09875493      2.9     1.15     1.19
    3    -5.22775722 (6.82e-03)     0.07749499      2.7     1.53     1.57
    4    -5.24094089 (6.92e-03)     0.07063991      3.0     1.91     1.95
