User:
ilsa8974
Hostname:
bnode0303.rc.int.colorado.edu
CPU info:
Architecture:          x86_64
CPU op-mode(s):        32-bit, 64-bit
Byte Order:            Little Endian
CPU(s):                28
On-line CPU(s) list:   0-27
Thread(s) per core:    1
Core(s) per socket:    14
Socket(s):             2
NUMA node(s):          2
Vendor ID:             GenuineIntel
CPU family:            6
Model:                 79
Model name:            Intel(R) Xeon(R) CPU E5-2680 v4 @ 2.40GHz
Stepping:              1
CPU MHz:               2936.250
Computation started at:
Mon Feb 15 18:00:36 MST 2021
git commit: 308d88b60ac836d0de6a4a600641e8293a9db5f7, branch: merged, compiled at: Mon Feb 15 16:43:53 MST 2021

nproc used: 4 (NB: stochasticIter below is per proc)

**************************************************************
Input file  :
**************************************************************
{
    "wavefunction": {
        "name": "jastrowslater",
        "hfType": "rhf",
        "fourBodyJastrow": "asAB2",
        "noENCusp": "true",
        "Qmax": "3",
        "Qmaxeen": "0"
    },
    "realspace": {
        "basis": "gto",
        "nalpha": "1",
        "nbeta": "1",
        "norbs": "10"
    },
    "sampling": {
        "stochasticIter": "10000",
        "sampleEveryRt": "true",
        "seed": "1"
    },
    "optimizer": {
        "method": "lm",
        "direct": "true",
        "stepsizes": [
            "0.1",
            "0.01",
            "0.05",
            "0.5",
            "1.0"
        ],
        "hdiagshift": "0.1",
        "sdiagshift": "0.0",
        "decay": "0.1",
        "dTol": "1.0e-3",
        "cgTol": "1.0e-3",
        "sgdIter": "0",
        "maxIter": "4"
    },
    "print": {
        "vars": "false"
    }
}

Number of Jastrow vars: 23
Number of Reference vars: 21
Number of Optimized vars: 44
    0    -1.16027343 (4.68e-03)     0.08870806      1.8      0.7     0.64     0.69     1.04 
    1    -1.15447183 (2.77e-03)     0.02785872      1.5      0.7     1.65     1.71     2.05 
    2    -1.16796003 (2.92e-03)     0.01189103      1.4      0.7     2.66     2.72     3.06 
    3    -1.17168923 (3.04e-03)     0.01145158      1.5      0.7     3.66     3.72     4.07 
