User:
ilsa8974
Hostname:
bnode0303.rc.int.colorado.edu
CPU info:
Architecture:          x86_64
CPU op-mode(s):        32-bit, 64-bit
Byte Order:            Little Endian
CPU(s):                28
On-line CPU(s) list:   0-27
Thread(s) per core:    1
Core(s) per socket:    14
Socket(s):             2
NUMA node(s):          2
Vendor ID:             GenuineIntel
CPU family:            6
Model:                 79
Model name:            Intel(R) Xeon(R) CPU E5-2680 v4 @ 2.40GHz
Stepping:              1
CPU MHz:               3093.000
Computation started at:
Wed Jan 20 14:57:53 MST 2021
git commit: 1f397869be5f22599ed2839bbce51915bb4977eb, branch: merged, compiled at: Tue Jan 19 22:18:57 MST 2021

nproc used: 4 (NB: stochasticIter below is per proc)

**************************************************************
Input file  :
**************************************************************
{
    "wavefunction": {
        "name": "jastrowslater"
    },
    "realspace": {
        "basis": "gto",
        "nalpha": "1",
        "nbeta": "1",
        "norbs": "14"
    },
    "sampling": {
        "stochasticIter": "5000",
        "seed": "1",
        "nwalk": "250",
        "tau": "0.1",
        "doTMove": "true",
        "ngeneration": "5",
        "maxIter": "26"
    }
}

Energy of VMC wavefunction: -0.7813549865 (0.001957980495)
Energy of initial population: -0.7907540317
       5    -0.80276055 (1.84e-03)    -0.80276055    -0.80276055    0.994        250   252.53    -0.79140489     0.91
      10    -0.80498222 (1.36e-03)    -0.80298271    -0.80298271    0.994        250   253.74    -0.79619773     1.00
      15    -0.80522458 (1.38e-03)    -0.80320690    -0.80320690    0.993        249   254.54    -0.79934983     1.10
      20    -0.80740664 (1.21e-03)    -0.80362688    -0.80740664    0.995        245   255.18    -0.80185030     1.19
      25    -0.80996641 (9.29e-04)    -0.80426083    -0.80868653    0.996        244   255.89    -0.80465197     1.29
