User:
ilsa8974
Hostname:
bnode0303.rc.int.colorado.edu
CPU info:
Architecture:          x86_64
CPU op-mode(s):        32-bit, 64-bit
Byte Order:            Little Endian
CPU(s):                28
On-line CPU(s) list:   0-27
Thread(s) per core:    1
Core(s) per socket:    14
Socket(s):             2
NUMA node(s):          2
Vendor ID:             GenuineIntel
CPU family:            6
Model:                 79
Model name:            Intel(R) Xeon(R) CPU E5-2680 v4 @ 2.40GHz
Stepping:              1
CPU MHz:               2937.750
Computation started at:
Wed Feb 17 13:53:58 MST 2021
git commit: b3cd60d60e3bd8ea80bb4f7d185cd2724142863b, branch: merged, compiled at: Wed Feb 17 12:11:03 MST 2021

nproc used: 4 (NB: stochasticIter below is per proc)

**************************************************************
Input file  :
**************************************************************
{
    "wavefunction": {
        "name": "jastrowslater"
    },
    "realspace": {
        "basis": "gto",
        "nalpha": "1",
        "nbeta": "1",
        "norbs": "14"
    },
    "sampling": {
        "stochasticIter": "5000",
        "seed": "1",
        "nwalk": "100",
        "tau": "0.1",
        "doTMove": "true",
        "ngeneration": "10",
        "maxIter": "50"
    }
}

Energy of VMC wavefunction: -0.7813549865 (0.001957980495)
Energy of initial population: -0.8007821876
      10    -0.80794852 (1.13e-03)      1.2    -0.80794852    -0.80794852    0.996        100   100.14    -0.81942154     0.63
      20    -0.81035174 (1.18e-03)      1.0    -0.80854933    -0.80854933    0.999         98   100.00    -0.82520993     0.73
      30    -0.80822952 (1.26e-03)      1.1    -0.80846937    -0.80846937    0.999         96   100.00    -0.81702165     0.82
      40    -0.81037966 (1.09e-03)      1.0    -0.80894695    -0.81037966    0.996         94    99.95    -0.80340899     0.91
      50    -0.80953849 (1.18e-03)      1.0    -0.80909483    -0.80995908    0.996         93   100.01    -0.79644777     0.99
