User:
ilsa8974
Hostname:
bnode0303.rc.int.colorado.edu
CPU info:
Architecture:          x86_64
CPU op-mode(s):        32-bit, 64-bit
Byte Order:            Little Endian
CPU(s):                28
On-line CPU(s) list:   0-27
Thread(s) per core:    1
Core(s) per socket:    14
Socket(s):             2
NUMA node(s):          2
Vendor ID:             GenuineIntel
CPU family:            6
Model:                 79
Model name:            Intel(R) Xeon(R) CPU E5-2680 v4 @ 2.40GHz
Stepping:              1
CPU MHz:               3008.625
Computation started at:
Thu May 13 17:01:17 MDT 2021
git commit: b183b861ee989460d41d142fe4edef4eeec4e5b7, branch: merged, compiled at: Thu May 13 16:26:48 MDT 2021

nproc used: 4 (NB: stochasticIter below is per proc)

**************************************************************
Input file  :
**************************************************************
{
    "wavefunction": {
        "name": "jastrowslater"
    },
    "realspace": {
        "basis": "gto",
        "nalpha": "1",
        "nbeta": "1",
        "norbs": "14"
    },
    "sampling": {
        "stochasticIter": "5000",
        "seed": "1",
        "nwalk": "100",
        "tau": "0.1",
        "doTMove": "true",
        "ngeneration": "10",
        "maxIter": "50"
    }
}

Energy of VMC wavefunction: -0.784699947 (0.001733863058) 
Energy of initial population: -0.7873547089
      10    -0.79781095 (1.15e-02)      1.0    -0.79781095    -0.79781095    0.998        100   100.48    -0.79967429     0.55
      20    -0.80584013 (1.12e-02)      1.0    -0.80584013    -0.80584013    0.999         99   100.53    -0.80843473     0.63
      30    -0.80464758 (1.55e-02)      1.1    -0.80464758    -0.80464758    0.997         98   100.33    -0.80801046     0.70
------------------------------------------------------------------------------------------------------------------------------------
      40    -0.81121119 (1.09e-02)      1.0    -0.81121119    -0.81121119    0.991         96   100.44    -0.81346049     0.78
      50    -0.81559424 (1.15e-02)      1.0    -0.81164949    -0.81340271    0.999         94   100.39    -0.81747609     0.85
