User:
ilsa8974
Hostname:
bnode0303.rc.int.colorado.edu
CPU info:
Architecture:          x86_64
CPU op-mode(s):        32-bit, 64-bit
Byte Order:            Little Endian
CPU(s):                28
On-line CPU(s) list:   0-27
Thread(s) per core:    1
Core(s) per socket:    14
Socket(s):             2
NUMA node(s):          2
Vendor ID:             GenuineIntel
CPU family:            6
Model:                 79
Model name:            Intel(R) Xeon(R) CPU E5-2680 v4 @ 2.40GHz
Stepping:              1
CPU MHz:               2831.062
Computation started at:
Tue Oct 13 10:25:37 MDT 2020
git commit: 43a19e7f841e74f3e265b2f0f75f1dd62c1cb294, branch: merged, compiled at: Mon Oct 12 20:22:12 MDT 2020

nproc used: 4 (NB: stochasticIter below is per proc)

**************************************************************
Input file  :
**************************************************************
{
    "wavefunction": {
        "name": "jastrowslater",
        "hfType": "ghf",
        "complex": "true",
        "QmaxEEN": "6"
    },
    "realspace": {
        "basis": "sto",
        "nalpha": "2",
        "nbeta": "2",
        "norbs": "17"
    },
    "sampling": {
        "stochasticIter": "10000",
        "seed": "1"
    },
    "optimizer": {
        "maxIter": "6",
        "stepsize": "0.01",
        "decay1": "0.1",
        "decay2": "0.01"
    }
}

Number of Jastrow vars: 92
Number of Reference vars: 273
Number of Optimized vars: 365
    0   -14.60646707 (4.47e-03)     0.54837319      2.0      0.8      10000  0.190153     0.00     1.87
    1   -14.56844655 (8.86e-03)     0.52489513      2.4      0.8      10000  0.153860    79.62     3.73
    2   -14.59997380 (6.68e-03)     0.48643370      2.0      0.8      10000  0.142054    69.39     5.56
    3   -14.60561091 (3.76e-03)     0.44176399      1.7      0.8      10000  0.119571    69.68     7.40
    4   -14.61492329 (3.68e-03)     0.37994370      1.9      0.8      10000  0.125377    42.06     9.23
    5   -14.62308629 (4.16e-03)     0.16727595      1.8      0.8      10000  0.107941    22.67    11.07
