User:
ilsa8974
Hostname:
bnode0303.rc.int.colorado.edu
CPU info:
Architecture:          x86_64
CPU op-mode(s):        32-bit, 64-bit
Byte Order:            Little Endian
CPU(s):                28
On-line CPU(s) list:   0-27
Thread(s) per core:    1
Core(s) per socket:    14
Socket(s):             2
NUMA node(s):          2
Vendor ID:             GenuineIntel
CPU family:            6
Model:                 79
Model name:            Intel(R) Xeon(R) CPU E5-2680 v4 @ 2.40GHz
Stepping:              1
CPU MHz:               2662.781
Computation started at:
Tue Mar 31 18:03:47 MDT 2020
git commit: eee030085abc85d9897844033b641990da36584c, branch: merged, compiled at: Tue Mar 31 17:27:18 MDT 2020

nproc used: 4 (NB: stochasticIter below is per proc)

**************************************************************
Input file  :
**************************************************************
{
    "wavefunction": {
        "name": "jastrowslater",
        "hfType": "ghf",
        "complex": "true"
    },
    "sampling": {
        "stochasticIter": "1000",
        "seed": "1"
    },
    "optimizer": {
        "method": "lm",
        "direct": "false",
        "hDiagShift": "0.01",
        "sDiagShift": "1.0e-10",
        "decay": "0.5",
        "corrSampleFrac": "0.15",
        "maxIter": "3"
    }
}

    0    -5.22100179 (9.03e-03)     0.13441897      1.8      1.0       1000     7.64     9.27     9.38
    1    -5.34811322 (3.46e-03)     0.09679873      1.9      1.0       1000    13.32    14.98    15.09
    2    -5.36024333 (2.85e-03)     0.09388642      1.4      1.0       1000    18.98    20.66    20.77
