User:
ilsa8974
Hostname:
shas0137
CPU info:
Architecture:          x86_64
CPU op-mode(s):        32-bit, 64-bit
Byte Order:            Little Endian
CPU(s):                24
On-line CPU(s) list:   0-23
Thread(s) per core:    1
Core(s) per socket:    12
Socket(s):             2
NUMA node(s):          2
Vendor ID:             GenuineIntel
CPU family:            6
Model:                 63
Model name:            Intel(R) Xeon(R) CPU E5-2680 v3 @ 2.50GHz
Stepping:              2
CPU MHz:               2494.312
Computation started at:
Thu Sep 17 09:43:39 MDT 2020
git commit: 619abfbeea032d2bd7db3152e27341d83c9cd180, branch: merged, compiled at: Thu Sep 17 09:28:45 MDT 2020

nproc used: 4 (NB: stochasticIter below is per proc)

**************************************************************
Input file  :
**************************************************************
{
    "wavefunction": {
        "name": "jastrowslater",
        "hfType": "rhf",
        "complex": "false",
        "QmaxEEN": "3",
        "Qmax": "3"
    },
    "realspace": {
        "basis": "sto",
        "nalpha": "1",
        "nbeta": "1",
        "norbs": "12"
    },
    "sampling": {
        "stochasticIter": "100000",
        "seed": "1",
        "nwalk": "1000",
        "tau": "0.01",
        "ngeneration": "25",
        "maxIter": "26"
    }
}

Energy of VMC wavefunction: -0.8364437235 (0.009998369753)
Energy of initial population: -0.8385262515
      25     -0.84509472     -0.84509472     -0.84509472     0.999        1000   1001.02     -0.84661320      4.19
