User:
ilsa8974
Hostname:
bnode0303.rc.int.colorado.edu
CPU info:
Architecture:          x86_64
CPU op-mode(s):        32-bit, 64-bit
Byte Order:            Little Endian
CPU(s):                28
On-line CPU(s) list:   0-27
Thread(s) per core:    1
Core(s) per socket:    14
Socket(s):             2
NUMA node(s):          2
Vendor ID:             GenuineIntel
CPU family:            6
Model:                 79
Model name:            Intel(R) Xeon(R) CPU E5-2680 v4 @ 2.40GHz
Stepping:              1
CPU MHz:               2469.187
Computation started at:
Tue Oct 13 14:03:40 MDT 2020
git commit: 43a19e7f841e74f3e265b2f0f75f1dd62c1cb294, branch: merged, compiled at: Mon Oct 12 20:22:12 MDT 2020

nproc used: 4 (NB: stochasticIter below is per proc)

**************************************************************
Input file  :
**************************************************************
{
    "wavefunction": {
        "name": "jastrowslater",
        "hfType": "rhf",
        "complex": "false",
        "addENCusp": "true",
        "enforceEECusp": "true",
        "QmaxEEN": "6",
        "Qmax": "6"
    },
    "realspace": {
        "basis": "sto",
        "nalpha": "1",
        "nbeta": "1",
        "norbs": "4"
    },
    "sampling": {
        "stochasticIter": "100000",
        "seed": "1"
    },
    "optimizer": {
        "optimizeOrbs": "false",
        "optimizeCps": "true",
        "method": "amsgrad",
        "stepsize": "0.001",
        "decay1": "0.1",
        "decay2": "0.001",
        "maxIter": "8"
    },
    "print": {
        "vars": "false"
    }
}

Number of Jastrow vars: 70
Number of Reference vars: 9
Number of Optimized vars: 70
    0    -0.76834298 (8.69e-03)     0.73770084     27.7      0.8     100000  0.018973     0.00     5.84
    1    -0.75577544 (7.81e-03)     0.70906943     24.0      0.8     100000  0.025462     0.09    11.61
    2    -0.79313023 (7.94e-03)     0.61763616     26.9      0.8     100000  0.029303     0.88    17.45
    3    -0.81889648 (7.82e-03)     0.53778934     33.8      0.8     100000  0.031470     2.94    23.23
    4    -0.84754512 (7.69e-03)     0.44798557     47.2      0.8     100000  0.032387     5.61    29.01
    5    -0.87503130 (6.10e-03)     0.34571533     27.2      0.9     100000  0.032496     4.43    34.70
    6    -0.88742942 (6.06e-03)     0.29182744     44.7      0.9     100000  0.032054     5.02    40.39
    7    -0.90367528 (5.12e-03)     0.22815323     36.7      0.9     100000  0.031158     5.52    46.06
