User:
ilsa8974
Hostname:
bnode0303.rc.int.colorado.edu
CPU info:
Architecture:          x86_64
CPU op-mode(s):        32-bit, 64-bit
Byte Order:            Little Endian
CPU(s):                28
On-line CPU(s) list:   0-27
Thread(s) per core:    1
Core(s) per socket:    14
Socket(s):             2
NUMA node(s):          2
Vendor ID:             GenuineIntel
CPU family:            6
Model:                 79
Model name:            Intel(R) Xeon(R) CPU E5-2680 v4 @ 2.40GHz
Stepping:              1
CPU MHz:               2955.750
Computation started at:
Mon Nov 16 12:26:58 MST 2020
git commit: 894511970d314fe1dc56e677e77b990a96d6cd25, branch: merged, compiled at: Mon Nov 16 12:07:13 MST 2020

nproc used: 4 (NB: stochasticIter below is per proc)

**************************************************************
Input file  :
**************************************************************
{
    "wavefunction": {
        "name": "jastrowslater",
        "hfType": "rhf",
        "complex": "false",
        "addENCusp": "true",
        "enforceEECusp": "true",
        "QmaxEEN": "6",
        "Qmax": "6"
    },
    "realspace": {
        "basis": "sto",
        "nalpha": "1",
        "nbeta": "1",
        "norbs": "4"
    },
    "sampling": {
        "stochasticIter": "100000",
        "seed": "1"
    },
    "optimizer": {
        "optimizeOrbs": "false",
        "optimizeCps": "true",
        "method": "amsgrad",
        "stepsize": "0.001",
        "decay1": "0.1",
        "decay2": "0.001",
        "maxIter": "8"
    },
    "print": {
        "vars": "false"
    }
}

Number of Jastrow vars: 70
Number of Reference vars: 9
Number of Optimized vars: 70
    0    -0.74871703 (8.65e-03)     0.75879182     27.1      0.8     100000  0.018973     0.00     5.74
    1    -0.75521949 (8.71e-03)     0.72289113     29.9      0.8     100000  0.025209     2.08    11.36
    2    -0.79415235 (8.14e-03)     0.61239541     36.4      0.8     100000  0.029084     1.28    17.02
    3    -0.84471465 (7.27e-03)     0.48767281     26.6      0.8     100000  0.031181     1.65    22.63
    4    -0.83372148 (7.72e-03)     0.46470893     48.2      0.9     100000  0.032140     5.60    28.23
    5    -0.87172103 (6.76e-03)     0.35227710     31.6      0.9     100000  0.032339     4.10    33.74
    6    -0.88140349 (6.33e-03)     0.30548308     51.5      0.9     100000  0.031902     5.65    39.28
    7    -0.90190696 (5.45e-03)     0.23543711     48.6      0.9     100000  0.031056     5.61    44.77
