User:
ilsa8974
Hostname:
bnode0303.rc.int.colorado.edu
CPU info:
Architecture:          x86_64
CPU op-mode(s):        32-bit, 64-bit
Byte Order:            Little Endian
CPU(s):                28
On-line CPU(s) list:   0-27
Thread(s) per core:    1
Core(s) per socket:    14
Socket(s):             2
NUMA node(s):          2
Vendor ID:             GenuineIntel
CPU family:            6
Model:                 79
Model name:            Intel(R) Xeon(R) CPU E5-2680 v4 @ 2.40GHz
Stepping:              1
CPU MHz:               2736.750
Computation started at:
Tue Oct 13 10:33:53 MDT 2020
git commit: 43a19e7f841e74f3e265b2f0f75f1dd62c1cb294, branch: merged, compiled at: Mon Oct 12 20:22:12 MDT 2020

nproc used: 4 (NB: stochasticIter below is per proc)

**************************************************************
Input file  :
**************************************************************
{
    "wavefunction": {
        "name": "jastrowslater",
        "hfType": "ghf",
        "complex": "true",
        "QmaxEEN": "6"
    },
    "realspace": {
        "basis": "sto",
        "nalpha": "2",
        "nbeta": "2",
        "norbs": "17"
    },
    "sampling": {
        "stochasticIter": "7500",
        "sampleEveryRt": "true",
        "seed": "1"
    },
    "optimizer": {
        "method": "lm",
        "maxIter": "3"
    }
}

Number of Jastrow vars: 92
Number of Reference vars: 273
Number of Optimized vars: 365
    0   -14.60550669 (4.96e-03)     0.54615911      1.9      0.8     1.43     1.43     1.43 
    1   -14.62355623 (3.42e-03)     0.28087486      1.5      0.8     3.31     5.00     5.77 
    2   -14.63792190 (3.26e-03)     0.04700301      1.7      0.8     7.66    11.74    12.52 
